../Core/Src/main.c:110:5:main	1
../Core/Src/main.c:205:6:SystemClock_Config	4
../Core/Src/main.c:260:13:MX_I2C1_Init	2
../Core/Src/main.c:294:13:MX_SPI1_Init	2
../Core/Src/main.c:332:13:MX_USART3_UART_Init	2
../Core/Src/main.c:365:13:MX_GPIO_Init	1
../Core/Src/main.c:443:6:HAL_GPIO_EXTI_Callback	1
../Core/Src/main.c:456:6:StartLCDTask	1
../Core/Src/main.c:475:6:StartKEYPADTask	1
../Core/Src/main.c:494:6:StartUARTTask	2
../Core/Src/main.c:536:6:StartHEARTBEATTask	2
../Core/Src/main.c:568:6:HAL_TIM_PeriodElapsedCallback	2
../Core/Src/main.c:586:6:Error_Handler	1
