2026-04-14 13:00:46,017 [INFO] Activator:176 - 


2026-04-14 13:00:46,019 [INFO] Activator:177 - !SESSION log4j initialized
2026-04-14 13:00:48,288 [INFO] LogOutputStream:77 - [STDOUT_REDIRECT] 
2026-04-14 13:00:50,168 [INFO] ApplicationProperties:184 - Using Application install path: C:\ST\STM32CubeIDE_1.19.0\STM32CubeIDE\plugins\com.st.stm32cube.common.mx_6.15.0.202507011659
2026-04-14 13:00:50,185 [INFO] DbMcusXml:78 - Set database path to: C:\ST\STM32CubeIDE_1.19.0\STM32CubeIDE\plugins\com.st.stm32cube.common.mx_6.15.0.202507011659\\db\/mcu/
2026-04-14 13:00:50,185 [INFO] ApiDb:274 - Set plugin database path to: C:\ST\STM32CubeIDE_1.19.0\STM32CubeIDE\plugins\com.st.stm32cube.common.mx_6.15.0.202507011659\\db\/plugins/boardmanager/
2026-04-14 13:00:50,186 [WARN] ApiDb:259 - Overriding images path with different value:  => C:\ST\STM32CubeIDE_1.19.0\STM32CubeIDE\plugins\com.st.stm32cube.common.mx_6.15.0.202507011659\\db\/plugins/mcufinder/images/
2026-04-14 13:00:50,194 [INFO] ApiDb:250 - Set database path to: C:\Users\salehir\.stmcufinder\plugins\mcufinder//mcu/
2026-04-14 13:00:50,196 [INFO] DbMcusAds:125 - Set database path to: C:\Users\salehir\.stmcufinder\plugins\mcufinder//mcu/
2026-04-14 13:00:50,198 [INFO] CrossReferenceDbSqlite:203 - Set database path to: C:\Users\salehir\.stmcufinder\plugins\mcufinder//mcu/cs/
2026-04-14 13:00:50,349 [INFO] RulesReader:64 - Compatibility file has been processed (317 Rules)
2026-04-14 13:00:50,456 [INFO] DbMcusXml:78 - Set database path to: C:\ST\STM32CubeIDE_1.19.0\STM32CubeIDE\plugins\com.st.stm32cube.common.mx_6.15.0.202507011659\\db\/mcu/
2026-04-14 13:00:50,457 [INFO] ApiDb:274 - Set plugin database path to: C:\ST\STM32CubeIDE_1.19.0\STM32CubeIDE\plugins\com.st.stm32cube.common.mx_6.15.0.202507011659\\db\/plugins/boardmanager/
2026-04-14 13:00:50,457 [INFO] ApiDb:261 - Set plugin images path to: C:\ST\STM32CubeIDE_1.19.0\STM32CubeIDE\plugins\com.st.stm32cube.common.mx_6.15.0.202507011659\\db\/plugins/mcufinder/images/
2026-04-14 13:00:50,457 [WARN] DbFile:41 - Overriding database path with different value: C:\Users\salehir\.stmcufinder\plugins\mcufinder/ => C:\Users\salehir\.stmcufinder\plugins\mcufinder
2026-04-14 13:00:50,457 [INFO] ApiDb:250 - Set database path to: C:\Users\salehir\.stmcufinder\plugins\mcufinder//mcu/
2026-04-14 13:00:50,457 [WARN] DbFile:41 - Overriding database path with different value: C:\Users\salehir\.stmcufinder\plugins\mcufinder/ => C:\Users\salehir\.stmcufinder\plugins\mcufinder
2026-04-14 13:00:50,457 [INFO] DbMcusAds:125 - Set database path to: C:\Users\salehir\.stmcufinder\plugins\mcufinder//mcu/
2026-04-14 13:00:50,457 [WARN] DbFile:41 - Overriding database path with different value: C:\Users\salehir\.stmcufinder\plugins\mcufinder/ => C:\Users\salehir\.stmcufinder\plugins\mcufinder
2026-04-14 13:00:50,457 [WARN] DbFile:41 - Overriding database path with different value: C:\Users\salehir\.stmcufinder\plugins\mcufinder/ => C:\Users\salehir\.stmcufinder\plugins\mcufinder
2026-04-14 13:00:50,458 [INFO] CrossReferenceDbSqlite:203 - Set database path to: C:\Users\salehir\.stmcufinder\plugins\mcufinder//mcu/cs/
2026-04-14 13:00:50,539 [INFO] MainPanel:274 - HeapMemory: 268435456
2026-04-14 13:00:50,608 [INFO] DbMcusXml:78 - Set database path to: C:\ST\STM32CubeIDE_1.19.0\STM32CubeIDE\plugins\com.st.stm32cube.common.mx_6.15.0.202507011659\\db\/mcu/
2026-04-14 13:00:50,608 [INFO] ApiDb:274 - Set plugin database path to: C:\ST\STM32CubeIDE_1.19.0\STM32CubeIDE\plugins\com.st.stm32cube.common.mx_6.15.0.202507011659\\db\/plugins/boardmanager/
2026-04-14 13:00:50,608 [INFO] ApiDb:261 - Set plugin images path to: C:\ST\STM32CubeIDE_1.19.0\STM32CubeIDE\plugins\com.st.stm32cube.common.mx_6.15.0.202507011659\\db\/plugins/mcufinder/images/
2026-04-14 13:00:50,609 [WARN] DbFile:41 - Overriding database path with different value: C:\Users\salehir\.stmcufinder\plugins\mcufinder/ => C:\Users\salehir\.stmcufinder\plugins\mcufinder
2026-04-14 13:00:50,609 [INFO] ApiDb:250 - Set database path to: C:\Users\salehir\.stmcufinder\plugins\mcufinder//mcu/
2026-04-14 13:00:50,609 [WARN] DbFile:41 - Overriding database path with different value: C:\Users\salehir\.stmcufinder\plugins\mcufinder/ => C:\Users\salehir\.stmcufinder\plugins\mcufinder
2026-04-14 13:00:50,609 [INFO] DbMcusAds:125 - Set database path to: C:\Users\salehir\.stmcufinder\plugins\mcufinder//mcu/
2026-04-14 13:00:50,609 [WARN] DbFile:41 - Overriding database path with different value: C:\Users\salehir\.stmcufinder\plugins\mcufinder/ => C:\Users\salehir\.stmcufinder\plugins\mcufinder
2026-04-14 13:00:50,609 [WARN] DbFile:41 - Overriding database path with different value: C:\Users\salehir\.stmcufinder\plugins\mcufinder/ => C:\Users\salehir\.stmcufinder\plugins\mcufinder
2026-04-14 13:00:50,609 [INFO] CrossReferenceDbSqlite:203 - Set database path to: C:\Users\salehir\.stmcufinder\plugins\mcufinder//mcu/cs/
2026-04-14 13:00:50,628 [INFO] ApplicationProperties:184 - Using Application install path: C:\ST\STM32CubeIDE_1.19.0\STM32CubeIDE\plugins\com.st.stm32cube.common.mx_6.15.0.202507011659
2026-04-14 13:00:50,629 [INFO] PluginManage:196 - Search for loadable plugins [exclusion list=, ]
2026-04-14 13:00:50,630 [INFO] PluginManage:310 - Check plugin analytics
2026-04-14 13:00:50,832 [INFO] AnalyticsPlugin:253 - Accepted Software Licenses: 
2026-04-14 13:00:50,832 [INFO] AnalyticsPlugin:255 - Accepted CMSIS Pack Licenses: 
2026-04-14 13:00:50,832 [INFO] AnalyticsPlugin:257 - Accepted Firmware Licenses: 
2026-04-14 13:00:50,836 [INFO] PluginManage:359 - Loaded plugin analytics (category:tool,tabindex:-1)
2026-04-14 13:00:50,836 [INFO] PluginManage:310 - Check plugin cadmodel
2026-04-14 13:00:50,842 [INFO] CADModel:105 - Init CAD model plugin
2026-04-14 13:00:50,842 [INFO] PluginManage:359 - Loaded plugin cadmodel (category:power,tabindex:5)
2026-04-14 13:00:50,842 [INFO] PluginManage:310 - Check plugin clock
2026-04-14 13:00:50,852 [INFO] PluginManage:359 - Loaded plugin clock (category:base,tabindex:2)
2026-04-14 13:00:50,853 [INFO] PluginManage:310 - Check plugin ddr
2026-04-14 13:00:50,854 [INFO] PluginManage:359 - Loaded plugin ddr (category:tool,tabindex:6)
2026-04-14 13:00:50,855 [INFO] PluginManage:310 - Check plugin filemanager
2026-04-14 13:00:51,046 [INFO] PluginManage:359 - Loaded plugin filemanager (category:base,tabindex:10)
2026-04-14 13:00:51,046 [INFO] PluginManage:310 - Check plugin ipmanager
2026-04-14 13:00:51,057 [INFO] PluginManage:359 - Loaded plugin ipmanager (category:base,tabindex:5)
2026-04-14 13:00:51,058 [INFO] PluginManage:310 - Check plugin lpbam
2026-04-14 13:00:51,064 [INFO] PluginManage:359 - Loaded plugin lpbam (category:base,tabindex:0)
2026-04-14 13:00:51,064 [INFO] PluginManage:310 - Check plugin memorymap
2026-04-14 13:00:51,075 [INFO] PluginManage:359 - Loaded plugin memorymap (category:base,tabindex:4)
2026-04-14 13:00:51,075 [INFO] PluginManage:310 - Check plugin pinoutandconfiguration
2026-04-14 13:00:51,083 [INFO] PluginManage:359 - Loaded plugin pinoutandconfiguration (category:base,tabindex:1)
2026-04-14 13:00:51,084 [INFO] PluginManage:310 - Check plugin pinoutconfig
2026-04-14 13:00:51,156 [WARN] SupportedApi:132 - Cannot load RTOS API schema: s4s-elt-must-match.1: The content of 'definitions' must match (annotation?, (simpleType | complexType)?, (unique | key | keyref)*)). A problem was found starting at: attribute.
2026-04-14 13:00:51,342 [INFO] PluginManage:359 - Loaded plugin pinoutconfig (category:base,tabindex:0)
2026-04-14 13:00:51,342 [INFO] PluginManage:310 - Check plugin power
2026-04-14 13:00:51,349 [INFO] PluginManage:359 - Loaded plugin power (category:power,tabindex:4)
2026-04-14 13:00:51,349 [INFO] PluginManage:310 - Check plugin projectmanager
2026-04-14 13:00:51,368 [INFO] PluginManage:359 - Loaded plugin projectmanager (category:projectmanager,tabindex:4)
2026-04-14 13:00:51,368 [INFO] PluginManage:310 - Check plugin rif
2026-04-14 13:00:51,375 [INFO] PluginManage:359 - Loaded plugin rif (category:base,tabindex:3)
2026-04-14 13:00:51,376 [INFO] PluginManage:310 - Check plugin thirdparty
2026-04-14 13:00:51,529 [INFO] PluginManage:359 - Loaded plugin thirdparty (category:base,tabindex:-1)
2026-04-14 13:00:51,529 [WARN] IntegrityCheckThread:84 - waiting for thirdparty lock release [integrity check]
2026-04-14 13:00:51,530 [INFO] IntegrityCheckThread:86 - entering critical section [integrity check]
2026-04-14 13:00:51,530 [INFO] PluginManage:310 - Check plugin tools
2026-04-14 13:00:51,530 [INFO] ThirdPartyUpdaterWithRetryManager:70 - Updater plugin not ready yet. [1/15]
2026-04-14 13:00:51,532 [INFO] PluginManage:359 - Loaded plugin tools (category:base,tabindex:7)
2026-04-14 13:00:51,532 [INFO] PluginManage:310 - Check plugin tutovideos
2026-04-14 13:00:51,709 [INFO] PluginManage:359 - Loaded plugin tutovideos (category:base,tabindex:-1)
2026-04-14 13:00:51,709 [INFO] PluginManage:310 - Check plugin updater
2026-04-14 13:00:51,731 [INFO] PluginManage:359 - Loaded plugin updater (category:base,tabindex:12)
2026-04-14 13:00:51,731 [INFO] PluginManage:310 - Check plugin userauth
2026-04-14 13:00:51,737 [INFO] UserAuth:118 - Init User Auth plugin
2026-04-14 13:00:51,740 [INFO] PluginManage:359 - Loaded plugin userauth (category:base,tabindex:14)
2026-04-14 13:00:51,741 [INFO] PluginManage:283 - PluginManage : Loaded plugins [18]
2026-04-14 13:00:51,973 [INFO] PinOutPanel:1589 - setPackage(No Configuration,No Configuration)
2026-04-14 13:00:52,077 [INFO] CADModel:165 - CPN selected for project level
2026-04-14 13:00:52,077 [INFO] CADModel:114 - Register for checkConnection events
2026-04-14 13:00:52,091 [INFO] IPUIPlugin:80 - create IPUIPlugin
2026-04-14 13:00:52,091 [INFO] PluginManager:220 - loadIPPluginJar : add adc
2026-04-14 13:00:52,094 [INFO] IPUIPlugin:80 - create IPUIPlugin
2026-04-14 13:00:52,094 [INFO] PluginManager:220 - loadIPPluginJar : add aes
2026-04-14 13:00:52,097 [INFO] IPUIPlugin:80 - create IPUIPlugin
2026-04-14 13:00:52,097 [INFO] PluginManager:220 - loadIPPluginJar : add can
2026-04-14 13:00:52,100 [INFO] IPUIPlugin:80 - create IPUIPlugin
2026-04-14 13:00:52,101 [INFO] PluginManager:220 - loadIPPluginJar : add comp
2026-04-14 13:00:52,103 [INFO] IPUIPlugin:80 - create IPUIPlugin
2026-04-14 13:00:52,103 [INFO] PluginManager:220 - loadIPPluginJar : add cryp
2026-04-14 13:00:52,106 [INFO] IPUIPlugin:80 - create IPUIPlugin
2026-04-14 13:00:52,106 [INFO] PluginManager:220 - loadIPPluginJar : add ddr_ctrl_phy
2026-04-14 13:00:52,109 [INFO] IPUIPlugin:80 - create IPUIPlugin
2026-04-14 13:00:52,109 [INFO] PluginManager:220 - loadIPPluginJar : add dfsdm
2026-04-14 13:00:52,113 [INFO] IPUIPlugin:80 - create IPUIPlugin
2026-04-14 13:00:52,114 [INFO] PluginManager:220 - loadIPPluginJar : add dma
2026-04-14 13:00:52,116 [INFO] IPUIPlugin:80 - create IPUIPlugin
2026-04-14 13:00:52,117 [INFO] PluginManager:220 - loadIPPluginJar : add dma3
2026-04-14 13:00:52,119 [INFO] IPUIPlugin:80 - create IPUIPlugin
2026-04-14 13:00:52,119 [INFO] PluginManager:220 - loadIPPluginJar : add extmemmanager
2026-04-14 13:00:52,122 [INFO] IPUIPlugin:80 - create IPUIPlugin
2026-04-14 13:00:52,122 [INFO] PluginManager:220 - loadIPPluginJar : add fatfs
2026-04-14 13:00:52,126 [INFO] IPUIPlugin:80 - create IPUIPlugin
2026-04-14 13:00:52,126 [INFO] PluginManager:220 - loadIPPluginJar : add fmc
2026-04-14 13:00:52,136 [INFO] IPUIPlugin:80 - create IPUIPlugin
2026-04-14 13:00:52,137 [INFO] PluginManager:220 - loadIPPluginJar : add freertos
2026-04-14 13:00:52,140 [INFO] IPUIPlugin:80 - create IPUIPlugin
2026-04-14 13:00:52,140 [INFO] PluginManager:220 - loadIPPluginJar : add genericplugin
2026-04-14 13:00:52,142 [INFO] IPUIPlugin:80 - create IPUIPlugin
2026-04-14 13:00:52,142 [INFO] PluginManager:220 - loadIPPluginJar : add gfxmmu
2026-04-14 13:00:52,147 [INFO] IPUIPlugin:80 - create IPUIPlugin
2026-04-14 13:00:52,147 [INFO] PluginManager:220 - loadIPPluginJar : add gic
2026-04-14 13:00:52,152 [INFO] IPUIPlugin:80 - create IPUIPlugin
2026-04-14 13:00:52,152 [INFO] PluginManager:220 - loadIPPluginJar : add gpio
2026-04-14 13:00:52,156 [INFO] IPUIPlugin:80 - create IPUIPlugin
2026-04-14 13:00:52,157 [INFO] PluginManager:220 - loadIPPluginJar : add gtzc
2026-04-14 13:00:52,160 [INFO] IPUIPlugin:80 - create IPUIPlugin
2026-04-14 13:00:52,160 [INFO] PluginManager:220 - loadIPPluginJar : add hash
2026-04-14 13:00:52,163 [INFO] IPUIPlugin:80 - create IPUIPlugin
2026-04-14 13:00:52,163 [INFO] PluginManager:220 - loadIPPluginJar : add i2c
2026-04-14 13:00:52,165 [INFO] IPUIPlugin:80 - create IPUIPlugin
2026-04-14 13:00:52,166 [INFO] PluginManager:220 - loadIPPluginJar : add i2s
2026-04-14 13:00:52,169 [INFO] IPUIPlugin:80 - create IPUIPlugin
2026-04-14 13:00:52,169 [INFO] PluginManager:220 - loadIPPluginJar : add i3c
2026-04-14 13:00:52,175 [INFO] IPUIPlugin:80 - create IPUIPlugin
2026-04-14 13:00:52,175 [INFO] PluginManager:220 - loadIPPluginJar : add ipddr
2026-04-14 13:00:52,180 [INFO] IPUIPlugin:80 - create IPUIPlugin
2026-04-14 13:00:52,180 [INFO] PluginManager:220 - loadIPPluginJar : add linkedlist
2026-04-14 13:00:52,184 [INFO] IPUIPlugin:80 - create IPUIPlugin
2026-04-14 13:00:52,184 [INFO] PluginManager:220 - loadIPPluginJar : add lorawan
2026-04-14 13:00:52,186 [INFO] IPUIPlugin:80 - create IPUIPlugin
2026-04-14 13:00:52,186 [INFO] PluginManager:220 - loadIPPluginJar : add ltdc
2026-04-14 13:00:52,192 [INFO] IPUIPlugin:80 - create IPUIPlugin
2026-04-14 13:00:52,192 [INFO] PluginManager:220 - loadIPPluginJar : add mdma
2026-04-14 13:00:52,195 [INFO] IPUIPlugin:80 - create IPUIPlugin
2026-04-14 13:00:52,195 [INFO] PluginManager:220 - loadIPPluginJar : add nvic
2026-04-14 13:00:52,198 [INFO] IPUIPlugin:80 - create IPUIPlugin
2026-04-14 13:00:52,198 [INFO] PluginManager:220 - loadIPPluginJar : add opamp
2026-04-14 13:00:52,203 [INFO] IPUIPlugin:80 - create IPUIPlugin
2026-04-14 13:00:52,203 [INFO] PluginManager:220 - loadIPPluginJar : add openamp
2026-04-14 13:00:52,207 [INFO] IPUIPlugin:80 - create IPUIPlugin
2026-04-14 13:00:52,207 [INFO] PluginManager:220 - loadIPPluginJar : add pdm2pcm
2026-04-14 13:00:52,212 [INFO] IPUIPlugin:80 - create IPUIPlugin
2026-04-14 13:00:52,215 [INFO] PluginManager:220 - loadIPPluginJar : add plateformsettings
2026-04-14 13:00:52,217 [INFO] IPUIPlugin:80 - create IPUIPlugin
2026-04-14 13:00:52,217 [INFO] PluginManager:220 - loadIPPluginJar : add quadspi
2026-04-14 13:00:52,219 [INFO] IPUIPlugin:80 - create IPUIPlugin
2026-04-14 13:00:52,220 [INFO] PluginManager:220 - loadIPPluginJar : add radio
2026-04-14 13:00:52,224 [INFO] IPUIPlugin:80 - create IPUIPlugin
2026-04-14 13:00:52,224 [INFO] PluginManager:220 - loadIPPluginJar : add resmgrutility
2026-04-14 13:00:52,228 [INFO] IPUIPlugin:80 - create IPUIPlugin
2026-04-14 13:00:52,228 [INFO] PluginManager:220 - loadIPPluginJar : add sai
2026-04-14 13:00:52,230 [INFO] IPUIPlugin:80 - create IPUIPlugin
2026-04-14 13:00:52,230 [INFO] PluginManager:220 - loadIPPluginJar : add spi
2026-04-14 13:00:52,235 [INFO] IPUIPlugin:80 - create IPUIPlugin
2026-04-14 13:00:52,236 [INFO] PluginManager:220 - loadIPPluginJar : add stm32_wpan
2026-04-14 13:00:52,239 [INFO] IPUIPlugin:80 - create IPUIPlugin
2026-04-14 13:00:52,239 [INFO] PluginManager:220 - loadIPPluginJar : add tim
2026-04-14 13:00:52,243 [INFO] IPUIPlugin:80 - create IPUIPlugin
2026-04-14 13:00:52,243 [INFO] PluginManager:220 - loadIPPluginJar : add touchsensing
2026-04-14 13:00:52,246 [INFO] IPUIPlugin:80 - create IPUIPlugin
2026-04-14 13:00:52,246 [INFO] PluginManager:220 - loadIPPluginJar : add tracer_emb
2026-04-14 13:00:52,248 [INFO] IPUIPlugin:80 - create IPUIPlugin
2026-04-14 13:00:52,248 [INFO] PluginManager:220 - loadIPPluginJar : add ts
2026-04-14 13:00:52,250 [INFO] IPUIPlugin:80 - create IPUIPlugin
2026-04-14 13:00:52,250 [INFO] PluginManager:220 - loadIPPluginJar : add tsc
2026-04-14 13:00:52,252 [INFO] IPUIPlugin:80 - create IPUIPlugin
2026-04-14 13:00:52,252 [INFO] PluginManager:220 - loadIPPluginJar : add ucpd
2026-04-14 13:00:52,256 [INFO] IPUIPlugin:80 - create IPUIPlugin
2026-04-14 13:00:52,256 [INFO] PluginManager:220 - loadIPPluginJar : add usart
2026-04-14 13:00:52,260 [INFO] IPUIPlugin:80 - create IPUIPlugin
2026-04-14 13:00:52,260 [INFO] PluginManager:220 - loadIPPluginJar : add usbx
2026-04-14 13:00:52,401 [FATAL] Updater:351 - Updater called before beeing initialized
2026-04-14 13:00:52,425 [INFO] RulesReader:64 - Compatibility file has been processed (317 Rules)
2026-04-14 13:00:52,435 [INFO] RulesReader:64 - Compatibility file has been processed (317 Rules)
2026-04-14 13:00:52,446 [INFO] CADModel:165 - CPN selected for project level
2026-04-14 13:00:52,446 [INFO] CADModel:114 - Register for checkConnection events
2026-04-14 13:00:52,447 [FATAL] Updater:351 - Updater called before beeing initialized
2026-04-14 13:00:52,447 [ERROR] CADModel:125 - Updater not yet initialized, retry later 
2026-04-14 13:00:52,610 [FATAL] Updater:351 - Updater called before beeing initialized
2026-04-14 13:00:52,611 [INFO] CADModel:165 - CPN selected for project level
2026-04-14 13:00:52,611 [INFO] CADModel:114 - Register for checkConnection events
2026-04-14 13:00:52,611 [FATAL] Updater:351 - Updater called before beeing initialized
2026-04-14 13:00:52,611 [ERROR] CADModel:125 - Updater not yet initialized, retry later 
2026-04-14 13:00:52,613 [FATAL] Updater:351 - Updater called before beeing initialized
2026-04-14 13:00:52,764 [FATAL] Updater:351 - Updater called before beeing initialized
2026-04-14 13:00:52,769 [INFO] DbMcusAds:53 - JSON generation date=Thu Jan 08 10:56:59 EST 2026 (1767887819573)
2026-04-14 13:00:52,769 [FATAL] Updater:351 - Updater called before beeing initialized
2026-04-14 13:00:52,817 [WARN] DetailPanel:346 - Failed to get advertising image, set to default
2026-04-14 13:00:52,953 [FATAL] Updater:351 - Updater called before beeing initialized
2026-04-14 13:00:52,955 [FATAL] Updater:351 - Updater called before beeing initialized
2026-04-14 13:00:52,955 [FATAL] Updater:351 - Updater called before beeing initialized
2026-04-14 13:00:52,955 [WARN] DetailPanel:346 - Failed to get advertising image, set to default
2026-04-14 13:00:52,956 [FATAL] Updater:351 - Updater called before beeing initialized
2026-04-14 13:00:53,025 [ERROR] Updater:1198 - MainUpdater not yet initialized. External WinMGr cannot be set.
2026-04-14 13:00:53,030 [INFO] Updater:1134 - Updater Version found : 6.15.0
2026-04-14 13:00:53,047 [INFO] ApplicationProperties:184 - Using Application install path: C:\ST\STM32CubeIDE_1.19.0\STM32CubeIDE\plugins\com.st.stm32cube.common.mx_6.15.0.202507011659
2026-04-14 13:00:54,531 [INFO] ThirdPartyUpdaterWithRetryManager:70 - Updater plugin not ready yet. [2/15]
2026-04-14 13:00:54,619 [ERROR] LogOutputStream:75 - [STDERR_REDIRECT] Apr 14, 2026 1:00:54 PM java.util.prefs.WindowsPreferences <init>
2026-04-14 13:00:54,622 [ERROR] LogOutputStream:75 - [STDERR_REDIRECT] WARNING: Could not open/create prefs root node Software\JavaSoft\Prefs at root 0xffffffff80000002. Windows RegCreateKeyEx(...) returned error code 5.
2026-04-14 13:00:54,622 [ERROR] LogOutputStream:75 - [STDERR_REDIRECT] 
2026-04-14 13:00:54,895 [INFO] MainUpdater:2872 - connection check result : 10
2026-04-14 13:00:54,896 [INFO] MainUpdater:289 - Updater Check For Update Now.
2026-04-14 13:00:54,896 [INFO] MicroXplorer:498 - Change Database Version : DB.6.0.150
2026-04-14 13:00:54,906 [INFO] McuFinderGlobals:63 - Set McuFinder mode to 2 (CubeIDE integrated)
2026-04-14 13:00:54,907 [INFO] UserAuth:171 - activating auth plugin
2026-04-14 13:00:54,909 [INFO] UserAuth:487 - Internet connection configuration mode: 1
2026-04-14 13:00:54,936 [INFO] JxBrowserEngine:152 - Initiate JxBrowser Engine with user profile folder
2026-04-14 13:00:55,091 [INFO] CheckServerUpdateThread:120 - End of CheckServer Thread
2026-04-14 13:00:55,819 [INFO] WebApp:169 - Instantiating new browser for Auth
2026-04-14 13:00:56,729 [INFO] WebApp:463 - Apply proxy settings
2026-04-14 13:00:56,729 [INFO] WebApp:548 - Chromium requires no authentication
2026-04-14 13:00:56,735 [INFO] WebApp:491 - Direct internet connection detected
2026-04-14 13:00:56,763 [INFO] WebApp:900 - Register for checkConnection events
2026-04-14 13:00:56,763 [INFO] WebApp:463 - Apply proxy settings
2026-04-14 13:00:56,764 [INFO] WebApp:548 - Chromium requires no authentication
2026-04-14 13:00:56,764 [INFO] WebApp:491 - Direct internet connection detected
2026-04-14 13:00:56,901 [INFO] WebApp:225 - Starting web application
2026-04-14 13:00:56,901 [INFO] WebApp:593 - Web application path used C:\ST\STM32CubeIDE_1.19.0\STM32CubeIDE\plugins\com.st.stm32cube.common.mx_6.15.0.202507011659\db\plugins\mcufinder\reactClient1\index.html
2026-04-14 13:00:56,911 [INFO] WebApp:191 - Connection restablished
2026-04-14 13:00:57,971 [WARN] PackLoader:240 - Cannot read IP mode file for STMicroelectronics.X-CUBE-AZRTOS-H7.3.5.0
2026-04-14 13:00:57,990 [WARN] PackLoader:240 - Cannot read IP mode file for STMicroelectronics.FP-ATR-ASTRA1.2.0.2
2026-04-14 13:00:58,001 [WARN] PackLoader:240 - Cannot read IP mode file for STMicroelectronics.X-CUBE-SMBUS.2.1.0
2026-04-14 13:00:58,037 [WARN] PackLoader:240 - Cannot read IP mode file for STMicroelectronics.X-CUBE-AZRTOS-F7.1.1.0
2026-04-14 13:00:58,052 [WARN] PackLoader:240 - Cannot read IP mode file for STMicroelectronics.FP-SNS-MOTENV1.5.1.0
2026-04-14 13:00:58,072 [WARN] PackLoader:240 - Cannot read IP mode file for WES.I-CUBE-Cesium.1.4.0
2026-04-14 13:00:58,084 [WARN] PackLoader:240 - Cannot read IP mode file for STMicroelectronics.X-CUBE-DISPLAY.3.0.0
2026-04-14 13:00:58,099 [WARN] PackLoader:240 - Cannot read IP mode file for STMicroelectronics.FP-SNS-MOTENVWB1.1.5.0
2026-04-14 13:00:58,113 [WARN] PackLoader:240 - Cannot read IP mode file for STMicroelectronics.X-CUBE-NFC10.1.0.0
2026-04-14 13:00:58,124 [WARN] PackLoader:240 - Cannot read IP mode file for STMicroelectronics.X-CUBE-ST60.1.1.0
2026-04-14 13:00:58,135 [WARN] PackLoader:240 - Cannot read IP mode file for emotas.I-CUBE-CANOPEN.1.3.0
2026-04-14 13:00:58,145 [WARN] PackLoader:240 - Cannot read IP mode file for STMicroelectronics.X-CUBE-GNSS1.7.1.0
2026-04-14 13:00:58,158 [WARN] PackLoader:240 - Cannot read IP mode file for STMicroelectronics.FP-SNS-STBOX1.2.1.0
2026-04-14 13:00:58,167 [WARN] PackLoader:240 - Cannot read IP mode file for STMicroelectronics.FP-SNS-SMARTAG2.1.2.0
2026-04-14 13:00:58,175 [WARN] PackLoader:240 - Cannot read IP mode file for STMicroelectronics.FP-SNS-FLIGHT1.5.1.0
2026-04-14 13:00:58,187 [INFO] LogOutputStream:77 - [STDOUT_REDIRECT] 1 : Invalid condition id : UX_CORESTACK_Condition cause : null
2026-04-14 13:00:58,188 [INFO] LogOutputStream:77 - [STDOUT_REDIRECT] 1 : Invalid condition id : UX_CORESTACK_Condition cause : null
2026-04-14 13:00:58,191 [INFO] LogOutputStream:77 - [STDOUT_REDIRECT] 1 : Invalid condition id : UX_CORESTACK_Condition cause : null
2026-04-14 13:00:58,193 [INFO] LogOutputStream:77 - [STDOUT_REDIRECT] 1 : Invalid condition id : UX_CORESTACK_Condition cause : null
2026-04-14 13:00:58,195 [INFO] LogOutputStream:77 - [STDOUT_REDIRECT] 1 : Invalid condition id : UX_CORESTACK_Condition cause : null
2026-04-14 13:00:58,201 [WARN] PackLoader:240 - Cannot read IP mode file for STMicroelectronics.X-CUBE-AZRTOS-WL.2.0.0
2026-04-14 13:00:58,238 [WARN] PackLoader:240 - Cannot read IP mode file for STMicroelectronics.X-CUBE-AZRTOS-H7RS.1.2.0
2026-04-14 13:00:58,250 [WARN] PackLoader:240 - Cannot read IP mode file for STMicroelectronics.X-CUBE-BLE2.3.3.0
2026-04-14 13:00:58,296 [WARN] PackLoader:240 - Cannot read IP mode file for Infineon.AIROC-Wi-Fi-Bluetooth-STM32.1.8.0
2026-04-14 13:00:58,311 [WARN] PackLoader:240 - Cannot read IP mode file for STMicroelectronics.X-CUBE-NFC9.1.0.0
2026-04-14 13:00:58,320 [WARN] PackLoader:240 - Cannot read IP mode file for STMicroelectronics.X-CUBE-BLE1.7.1.0
2026-04-14 13:00:58,328 [WARN] PackLoader:240 - Cannot read IP mode file for wolfSSL.I-CUBE-wolfMQTT.1.19.2
2026-04-14 13:00:58,336 [WARN] PackLoader:240 - Cannot read IP mode file for STMicroelectronics.X-CUBE-EEPRMA1.5.2.0
2026-04-14 13:00:58,344 [WARN] PackLoader:240 - Cannot read IP mode file for wolfSSL.I-CUBE-wolfSSL.5.8.4
2026-04-14 13:00:58,408 [WARN] PackLoader:240 - Cannot read IP mode file for STMicroelectronics.X-CUBE-MEMS1.12.0.0
2026-04-14 13:00:58,527 [WARN] PackLoader:240 - Cannot read IP mode file for STMicroelectronics.X-CUBE-AZRTOS-G0.1.1.0
2026-04-14 13:00:58,546 [WARN] PackLoader:240 - Cannot read IP mode file for STMicroelectronics.X-CUBE-NFC4.3.0.0
2026-04-14 13:00:58,564 [WARN] PackLoader:240 - Cannot read IP mode file for EmbeddedOffice.I-CUBE-FS-RTOS.1.0.1
2026-04-14 13:00:58,572 [WARN] PackLoader:240 - Cannot read IP mode file for wolfSSL.I-CUBE-wolfTPM.3.8.0
2026-04-14 13:00:58,583 [WARN] PackLoader:240 - Cannot read IP mode file for STMicroelectronics.X-CUBE-TCPP.4.2.0
2026-04-14 13:00:58,597 [WARN] PackLoader:240 - Cannot read IP mode file for RealThread.X-CUBE-RT-Thread_Nano.4.1.1
2026-04-14 13:00:58,631 [WARN] PackLoader:240 - Cannot read IP mode file for STMicroelectronics.FP-ATR-SIGFOX1.3.2.0
2026-04-14 13:00:58,640 [WARN] PackLoader:240 - Cannot read IP mode file for STMicroelectronics.X-CUBE-FREERTOS.1.5.0
2026-04-14 13:00:58,652 [WARN] PackLoader:240 - Cannot read IP mode file for ITTIA_DB.I-CUBE-ITTIADB.8.9.0
2026-04-14 13:00:58,662 [WARN] PackLoader:240 - Cannot read IP mode file for Cesanta.I-CUBE-Mongoose.7.21.0
2026-04-14 13:00:58,671 [WARN] PackLoader:240 - Cannot read IP mode file for STMicroelectronics.X-CUBE-NFC6.3.2.0
2026-04-14 13:00:58,681 [WARN] PackLoader:240 - Cannot read IP mode file for STMicroelectronics.X-CUBE-AI.10.2.0
2026-04-14 13:00:58,723 [WARN] PackLoader:240 - Cannot read IP mode file for SEGGER.I-CUBE-embOS.1.3.1
2026-04-14 13:00:58,773 [WARN] PackLoader:240 - Cannot read IP mode file for STMicroelectronics.X-CUBE-ALGOBUILD.1.4.0
2026-04-14 13:00:58,782 [WARN] PackLoader:240 - Cannot read IP mode file for STMicroelectronics.X-CUBE-PM33A1.1.0.0
2026-04-14 13:00:58,801 [WARN] PackLoader:240 - Cannot read IP mode file for STMicroelectronics.X-CUBE-AZRTOS-F4.1.1.0
2026-04-14 13:00:58,809 [WARN] PackLoader:240 - Cannot read IP mode file for STMicroelectronics.X-CUBE-ISPU.2.1.0
2026-04-14 13:00:58,827 [WARN] PackLoader:240 - Cannot read IP mode file for STMicroelectronics.X-CUBE-IPS.3.2.0
2026-04-14 13:00:58,838 [WARN] PackLoader:240 - Cannot read IP mode file for STMicroelectronics.eDS-WB_DPC_TT-BIDIR.2.1.1
2026-04-14 13:00:58,847 [WARN] PackLoader:240 - Cannot read IP mode file for STMicroelectronics.X-CUBE-NFC12.1.0.0
2026-04-14 13:00:58,868 [WARN] PackLoader:240 - Cannot read IP mode file for STMicroelectronics.X-CUBE-AZRTOS-L5.2.0.0
2026-04-14 13:00:58,877 [WARN] PackLoader:240 - Cannot read IP mode file for STMicroelectronics.eDS-WB_DPC_VIENNA.1.2.0
2026-04-14 13:00:58,881 [WARN] PackLoader:240 - Cannot read IP mode file for STMicroelectronics.eDS-WB_DPC_3PH2L-BIDIR.1.1.1
2026-04-14 13:00:58,889 [WARN] PackLoader:240 - Cannot read IP mode file for STMicroelectronics.X-CUBE-TOUCHGFX.4.26.1
2026-04-14 13:00:58,897 [WARN] PackLoader:240 - Cannot read IP mode file for STMicroelectronics.FP-SNS-STAIOTCFT.1.0.0
2026-04-14 13:00:58,903 [WARN] PackLoader:240 - Cannot read IP mode file for STMicroelectronics.X-CUBE-DPower.1.3.0
2026-04-14 13:00:58,923 [WARN] ConditionMgr:438 - getConditionDescription Invalid condition id : LAN8742 Phy interface Condition cause : null
2026-04-14 13:00:58,924 [WARN] PackLoader:240 - Cannot read IP mode file for STMicroelectronics.X-CUBE-AZRTOS-L4.2.0.0
2026-04-14 13:00:58,925 [WARN] ConditionMgr:1044 - genDependencies : Invalid condition id : LAN8742 Phy interface Condition cause : null
2026-04-14 13:00:58,926 [WARN] ConditionMgr:1044 - genDependencies : Invalid condition id : LAN8742 Phy interface Condition cause : null
2026-04-14 13:00:58,927 [WARN] ConditionMgr:1044 - genDependencies : Invalid condition id : LAN8742 Phy interface Condition cause : null
2026-04-14 13:00:58,940 [WARN] PackLoader:240 - Cannot read IP mode file for STMicroelectronics.X-CUBE-SFXS2LP1.4.0.0
2026-04-14 13:00:58,949 [WARN] PackLoader:240 - Cannot read IP mode file for STMicroelectronics.X-CUBE-WB05N.2.1.0
2026-04-14 13:00:58,957 [WARN] PackLoader:240 - Cannot read IP mode file for STMicroelectronics.X-CUBE-ST67W61.1.2.0
2026-04-14 13:00:58,970 [WARN] PackLoader:240 - Cannot read IP mode file for STMicroelectronics.X-CUBE-BLEMGR.4.1.0
2026-04-14 13:00:58,986 [WARN] ConditionMgr:438 - getConditionDescription Invalid condition id : UX DEVICE CLASS RTOS Condition cause : null
2026-04-14 13:00:58,986 [WARN] ConditionMgr:438 - getConditionDescription Invalid condition id : UX DEVICE CLASS RTOS Condition cause : null
2026-04-14 13:00:58,989 [WARN] PackLoader:240 - Cannot read IP mode file for STMicroelectronics.X-CUBE-AZRTOS-WB.2.0.0
2026-04-14 13:00:58,990 [WARN] ConditionMgr:1044 - genDependencies : Invalid condition id : UX DEVICE CLASS RTOS Condition cause : null
2026-04-14 13:00:58,990 [WARN] ConditionMgr:1044 - genDependencies : Invalid condition id : UX DEVICE CLASS RTOS Condition cause : null
2026-04-14 13:00:58,991 [WARN] ConditionMgr:1044 - genDependencies : Invalid condition id : UX DEVICE CLASS RTOS Condition cause : null
2026-04-14 13:00:58,991 [WARN] ConditionMgr:1044 - genDependencies : Invalid condition id : UX DEVICE CLASS RTOS Condition cause : null
2026-04-14 13:00:58,991 [WARN] ConditionMgr:1044 - genDependencies : Invalid condition id : UX DEVICE CLASS RTOS Condition cause : null
2026-04-14 13:00:58,998 [WARN] ConditionMgr:438 - getConditionDescription Invalid condition id : Cortex-A Device cause : null
2026-04-14 13:00:59,012 [WARN] ConditionMgr:1044 - genDependencies : Invalid condition id : Cortex-A Device cause : null
2026-04-14 13:00:59,012 [WARN] ConditionMgr:1044 - genDependencies : Invalid condition id : Cortex-A Device cause : null
2026-04-14 13:00:59,012 [WARN] ConditionMgr:1044 - genDependencies : Invalid condition id : Cortex-A Device cause : null
2026-04-14 13:00:59,020 [WARN] PackLoader:240 - Cannot read IP mode file for STMicroelectronics.X-CUBE-STSE01.2.0.0
2026-04-14 13:00:59,033 [WARN] PackLoader:240 - Cannot read IP mode file for STMicroelectronics.X-CUBE-SUBG2.5.0.0
2026-04-14 13:00:59,056 [WARN] PackLoader:240 - Cannot read IP mode file for STMicroelectronics.X-CUBE-AZRTOS-G4.2.0.0
2026-04-14 13:00:59,063 [WARN] PackLoader:240 - Cannot read IP mode file for wolfSSL.I-CUBE-wolfSSH.1.4.20
2026-04-14 13:00:59,068 [WARN] PackLoader:240 - Cannot read IP mode file for STMicroelectronics.X-CUBE-NFC7.2.0.0
2026-04-14 13:00:59,075 [WARN] PackLoader:240 - Cannot read IP mode file for STMicroelectronics.X-CUBE-ALS.1.0.2
2026-04-14 13:00:59,086 [WARN] PackLoader:240 - Cannot read IP mode file for STMicroelectronics.X-CUBE-TOF1.3.4.3
2026-04-14 13:00:59,094 [INFO] ThirdParty:978 - Integrity check success = true
2026-04-14 13:00:59,095 [INFO] IntegrityCheckThread:100 - exiting critical section [integrity check]
2026-04-14 13:00:59,095 [INFO] IntegrityCheckThread:103 - End integrity checks thread
2026-04-14 13:01:50,617 [ERROR] LogOutputStream:75 - [STDERR_REDIRECT] 
