2026-04-04 16:39:07,205 [INFO] Activator:176 - 


2026-04-04 16:39:07,206 [INFO] Activator:177 - !SESSION log4j initialized
2026-04-04 16:39:09,684 [INFO] LogOutputStream:77 - [STDOUT_REDIRECT] 
2026-04-04 16:39:11,618 [INFO] ApplicationProperties:184 - Using Application install path: C:\ST\STM32CubeIDE_1.19.0\STM32CubeIDE\plugins\com.st.stm32cube.common.mx_6.15.0.202507011659
2026-04-04 16:39:11,634 [INFO] DbMcusXml:78 - Set database path to: C:\ST\STM32CubeIDE_1.19.0\STM32CubeIDE\plugins\com.st.stm32cube.common.mx_6.15.0.202507011659\\db\/mcu/
2026-04-04 16:39:11,635 [INFO] ApiDb:274 - Set plugin database path to: C:\ST\STM32CubeIDE_1.19.0\STM32CubeIDE\plugins\com.st.stm32cube.common.mx_6.15.0.202507011659\\db\/plugins/boardmanager/
2026-04-04 16:39:11,635 [WARN] ApiDb:259 - Overriding images path with different value:  => C:\ST\STM32CubeIDE_1.19.0\STM32CubeIDE\plugins\com.st.stm32cube.common.mx_6.15.0.202507011659\\db\/plugins/mcufinder/images/
2026-04-04 16:39:11,642 [INFO] ApiDb:250 - Set database path to: C:\Users\salehir\.stmcufinder\plugins\mcufinder//mcu/
2026-04-04 16:39:11,643 [INFO] DbMcusAds:125 - Set database path to: C:\Users\salehir\.stmcufinder\plugins\mcufinder//mcu/
2026-04-04 16:39:11,646 [INFO] CrossReferenceDbSqlite:203 - Set database path to: C:\Users\salehir\.stmcufinder\plugins\mcufinder//mcu/cs/
2026-04-04 16:39:11,782 [INFO] RulesReader:64 - Compatibility file has been processed (317 Rules)
2026-04-04 16:39:11,892 [INFO] DbMcusXml:78 - Set database path to: C:\ST\STM32CubeIDE_1.19.0\STM32CubeIDE\plugins\com.st.stm32cube.common.mx_6.15.0.202507011659\\db\/mcu/
2026-04-04 16:39:11,892 [INFO] ApiDb:274 - Set plugin database path to: C:\ST\STM32CubeIDE_1.19.0\STM32CubeIDE\plugins\com.st.stm32cube.common.mx_6.15.0.202507011659\\db\/plugins/boardmanager/
2026-04-04 16:39:11,892 [INFO] ApiDb:261 - Set plugin images path to: C:\ST\STM32CubeIDE_1.19.0\STM32CubeIDE\plugins\com.st.stm32cube.common.mx_6.15.0.202507011659\\db\/plugins/mcufinder/images/
2026-04-04 16:39:11,892 [WARN] DbFile:41 - Overriding database path with different value: C:\Users\salehir\.stmcufinder\plugins\mcufinder/ => C:\Users\salehir\.stmcufinder\plugins\mcufinder
2026-04-04 16:39:11,892 [INFO] ApiDb:250 - Set database path to: C:\Users\salehir\.stmcufinder\plugins\mcufinder//mcu/
2026-04-04 16:39:11,893 [WARN] DbFile:41 - Overriding database path with different value: C:\Users\salehir\.stmcufinder\plugins\mcufinder/ => C:\Users\salehir\.stmcufinder\plugins\mcufinder
2026-04-04 16:39:11,893 [INFO] DbMcusAds:125 - Set database path to: C:\Users\salehir\.stmcufinder\plugins\mcufinder//mcu/
2026-04-04 16:39:11,893 [WARN] DbFile:41 - Overriding database path with different value: C:\Users\salehir\.stmcufinder\plugins\mcufinder/ => C:\Users\salehir\.stmcufinder\plugins\mcufinder
2026-04-04 16:39:11,893 [WARN] DbFile:41 - Overriding database path with different value: C:\Users\salehir\.stmcufinder\plugins\mcufinder/ => C:\Users\salehir\.stmcufinder\plugins\mcufinder
2026-04-04 16:39:11,893 [INFO] CrossReferenceDbSqlite:203 - Set database path to: C:\Users\salehir\.stmcufinder\plugins\mcufinder//mcu/cs/
2026-04-04 16:39:11,981 [INFO] MainPanel:274 - HeapMemory: 268435456
2026-04-04 16:39:12,075 [INFO] DbMcusXml:78 - Set database path to: C:\ST\STM32CubeIDE_1.19.0\STM32CubeIDE\plugins\com.st.stm32cube.common.mx_6.15.0.202507011659\\db\/mcu/
2026-04-04 16:39:12,075 [INFO] ApiDb:274 - Set plugin database path to: C:\ST\STM32CubeIDE_1.19.0\STM32CubeIDE\plugins\com.st.stm32cube.common.mx_6.15.0.202507011659\\db\/plugins/boardmanager/
2026-04-04 16:39:12,075 [INFO] ApiDb:261 - Set plugin images path to: C:\ST\STM32CubeIDE_1.19.0\STM32CubeIDE\plugins\com.st.stm32cube.common.mx_6.15.0.202507011659\\db\/plugins/mcufinder/images/
2026-04-04 16:39:12,075 [WARN] DbFile:41 - Overriding database path with different value: C:\Users\salehir\.stmcufinder\plugins\mcufinder/ => C:\Users\salehir\.stmcufinder\plugins\mcufinder
2026-04-04 16:39:12,075 [INFO] ApiDb:250 - Set database path to: C:\Users\salehir\.stmcufinder\plugins\mcufinder//mcu/
2026-04-04 16:39:12,075 [WARN] DbFile:41 - Overriding database path with different value: C:\Users\salehir\.stmcufinder\plugins\mcufinder/ => C:\Users\salehir\.stmcufinder\plugins\mcufinder
2026-04-04 16:39:12,075 [INFO] DbMcusAds:125 - Set database path to: C:\Users\salehir\.stmcufinder\plugins\mcufinder//mcu/
2026-04-04 16:39:12,076 [WARN] DbFile:41 - Overriding database path with different value: C:\Users\salehir\.stmcufinder\plugins\mcufinder/ => C:\Users\salehir\.stmcufinder\plugins\mcufinder
2026-04-04 16:39:12,076 [WARN] DbFile:41 - Overriding database path with different value: C:\Users\salehir\.stmcufinder\plugins\mcufinder/ => C:\Users\salehir\.stmcufinder\plugins\mcufinder
2026-04-04 16:39:12,076 [INFO] CrossReferenceDbSqlite:203 - Set database path to: C:\Users\salehir\.stmcufinder\plugins\mcufinder//mcu/cs/
2026-04-04 16:39:12,097 [INFO] ApplicationProperties:184 - Using Application install path: C:\ST\STM32CubeIDE_1.19.0\STM32CubeIDE\plugins\com.st.stm32cube.common.mx_6.15.0.202507011659
2026-04-04 16:39:12,098 [INFO] PluginManage:196 - Search for loadable plugins [exclusion list=, ]
2026-04-04 16:39:12,100 [INFO] PluginManage:310 - Check plugin analytics
2026-04-04 16:39:12,301 [INFO] AnalyticsPlugin:253 - Accepted Software Licenses: 
2026-04-04 16:39:12,301 [INFO] AnalyticsPlugin:255 - Accepted CMSIS Pack Licenses: 
2026-04-04 16:39:12,301 [INFO] AnalyticsPlugin:257 - Accepted Firmware Licenses: 
2026-04-04 16:39:12,304 [INFO] PluginManage:359 - Loaded plugin analytics (category:tool,tabindex:-1)
2026-04-04 16:39:12,304 [INFO] PluginManage:310 - Check plugin cadmodel
2026-04-04 16:39:12,310 [INFO] CADModel:105 - Init CAD model plugin
2026-04-04 16:39:12,310 [INFO] PluginManage:359 - Loaded plugin cadmodel (category:power,tabindex:5)
2026-04-04 16:39:12,310 [INFO] PluginManage:310 - Check plugin clock
2026-04-04 16:39:12,320 [INFO] PluginManage:359 - Loaded plugin clock (category:base,tabindex:2)
2026-04-04 16:39:12,320 [INFO] PluginManage:310 - Check plugin ddr
2026-04-04 16:39:12,322 [INFO] PluginManage:359 - Loaded plugin ddr (category:tool,tabindex:6)
2026-04-04 16:39:12,322 [INFO] PluginManage:310 - Check plugin filemanager
2026-04-04 16:39:12,498 [INFO] PluginManage:359 - Loaded plugin filemanager (category:base,tabindex:10)
2026-04-04 16:39:12,499 [INFO] PluginManage:310 - Check plugin ipmanager
2026-04-04 16:39:12,511 [INFO] PluginManage:359 - Loaded plugin ipmanager (category:base,tabindex:5)
2026-04-04 16:39:12,511 [INFO] PluginManage:310 - Check plugin lpbam
2026-04-04 16:39:12,519 [INFO] PluginManage:359 - Loaded plugin lpbam (category:base,tabindex:0)
2026-04-04 16:39:12,519 [INFO] PluginManage:310 - Check plugin memorymap
2026-04-04 16:39:12,535 [INFO] PluginManage:359 - Loaded plugin memorymap (category:base,tabindex:4)
2026-04-04 16:39:12,535 [INFO] PluginManage:310 - Check plugin pinoutandconfiguration
2026-04-04 16:39:12,544 [INFO] PluginManage:359 - Loaded plugin pinoutandconfiguration (category:base,tabindex:1)
2026-04-04 16:39:12,544 [INFO] PluginManage:310 - Check plugin pinoutconfig
2026-04-04 16:39:12,618 [WARN] SupportedApi:132 - Cannot load RTOS API schema: s4s-elt-must-match.1: The content of 'definitions' must match (annotation?, (simpleType | complexType)?, (unique | key | keyref)*)). A problem was found starting at: attribute.
2026-04-04 16:39:12,755 [INFO] PluginManage:359 - Loaded plugin pinoutconfig (category:base,tabindex:0)
2026-04-04 16:39:12,756 [INFO] PluginManage:310 - Check plugin power
2026-04-04 16:39:12,766 [INFO] PluginManage:359 - Loaded plugin power (category:power,tabindex:4)
2026-04-04 16:39:12,767 [INFO] PluginManage:310 - Check plugin projectmanager
2026-04-04 16:39:12,780 [INFO] PluginManage:359 - Loaded plugin projectmanager (category:projectmanager,tabindex:4)
2026-04-04 16:39:12,781 [INFO] PluginManage:310 - Check plugin rif
2026-04-04 16:39:12,795 [INFO] PluginManage:359 - Loaded plugin rif (category:base,tabindex:3)
2026-04-04 16:39:12,796 [INFO] PluginManage:310 - Check plugin thirdparty
2026-04-04 16:39:12,925 [INFO] PluginManage:359 - Loaded plugin thirdparty (category:base,tabindex:-1)
2026-04-04 16:39:12,925 [WARN] IntegrityCheckThread:84 - waiting for thirdparty lock release [integrity check]
2026-04-04 16:39:12,926 [INFO] PluginManage:310 - Check plugin tools
2026-04-04 16:39:12,926 [INFO] IntegrityCheckThread:86 - entering critical section [integrity check]
2026-04-04 16:39:12,926 [INFO] ThirdPartyUpdaterWithRetryManager:70 - Updater plugin not ready yet. [1/15]
2026-04-04 16:39:12,928 [INFO] PluginManage:359 - Loaded plugin tools (category:base,tabindex:7)
2026-04-04 16:39:12,929 [INFO] PluginManage:310 - Check plugin tutovideos
2026-04-04 16:39:13,118 [INFO] PluginManage:359 - Loaded plugin tutovideos (category:base,tabindex:-1)
2026-04-04 16:39:13,119 [INFO] PluginManage:310 - Check plugin updater
2026-04-04 16:39:13,137 [INFO] PluginManage:359 - Loaded plugin updater (category:base,tabindex:12)
2026-04-04 16:39:13,138 [INFO] PluginManage:310 - Check plugin userauth
2026-04-04 16:39:13,142 [INFO] UserAuth:118 - Init User Auth plugin
2026-04-04 16:39:13,143 [INFO] PluginManage:359 - Loaded plugin userauth (category:base,tabindex:14)
2026-04-04 16:39:13,143 [INFO] PluginManage:283 - PluginManage : Loaded plugins [18]
2026-04-04 16:39:13,366 [INFO] PinOutPanel:1589 - setPackage(No Configuration,No Configuration)
2026-04-04 16:39:13,468 [INFO] CADModel:165 - CPN selected for project level
2026-04-04 16:39:13,468 [INFO] CADModel:114 - Register for checkConnection events
2026-04-04 16:39:13,480 [INFO] IPUIPlugin:80 - create IPUIPlugin
2026-04-04 16:39:13,481 [INFO] PluginManager:220 - loadIPPluginJar : add adc
2026-04-04 16:39:13,484 [INFO] IPUIPlugin:80 - create IPUIPlugin
2026-04-04 16:39:13,484 [INFO] PluginManager:220 - loadIPPluginJar : add aes
2026-04-04 16:39:13,487 [INFO] IPUIPlugin:80 - create IPUIPlugin
2026-04-04 16:39:13,487 [INFO] PluginManager:220 - loadIPPluginJar : add can
2026-04-04 16:39:13,489 [INFO] IPUIPlugin:80 - create IPUIPlugin
2026-04-04 16:39:13,490 [INFO] PluginManager:220 - loadIPPluginJar : add comp
2026-04-04 16:39:13,493 [INFO] IPUIPlugin:80 - create IPUIPlugin
2026-04-04 16:39:13,493 [INFO] PluginManager:220 - loadIPPluginJar : add cryp
2026-04-04 16:39:13,496 [INFO] IPUIPlugin:80 - create IPUIPlugin
2026-04-04 16:39:13,496 [INFO] PluginManager:220 - loadIPPluginJar : add ddr_ctrl_phy
2026-04-04 16:39:13,498 [INFO] IPUIPlugin:80 - create IPUIPlugin
2026-04-04 16:39:13,498 [INFO] PluginManager:220 - loadIPPluginJar : add dfsdm
2026-04-04 16:39:13,502 [INFO] IPUIPlugin:80 - create IPUIPlugin
2026-04-04 16:39:13,503 [INFO] PluginManager:220 - loadIPPluginJar : add dma
2026-04-04 16:39:13,506 [INFO] IPUIPlugin:80 - create IPUIPlugin
2026-04-04 16:39:13,506 [INFO] PluginManager:220 - loadIPPluginJar : add dma3
2026-04-04 16:39:13,509 [INFO] IPUIPlugin:80 - create IPUIPlugin
2026-04-04 16:39:13,509 [INFO] PluginManager:220 - loadIPPluginJar : add extmemmanager
2026-04-04 16:39:13,510 [INFO] IPUIPlugin:80 - create IPUIPlugin
2026-04-04 16:39:13,511 [INFO] PluginManager:220 - loadIPPluginJar : add fatfs
2026-04-04 16:39:13,514 [INFO] IPUIPlugin:80 - create IPUIPlugin
2026-04-04 16:39:13,514 [INFO] PluginManager:220 - loadIPPluginJar : add fmc
2026-04-04 16:39:13,521 [INFO] IPUIPlugin:80 - create IPUIPlugin
2026-04-04 16:39:13,521 [INFO] PluginManager:220 - loadIPPluginJar : add freertos
2026-04-04 16:39:13,523 [INFO] IPUIPlugin:80 - create IPUIPlugin
2026-04-04 16:39:13,523 [INFO] PluginManager:220 - loadIPPluginJar : add genericplugin
2026-04-04 16:39:13,525 [INFO] IPUIPlugin:80 - create IPUIPlugin
2026-04-04 16:39:13,525 [INFO] PluginManager:220 - loadIPPluginJar : add gfxmmu
2026-04-04 16:39:13,529 [INFO] IPUIPlugin:80 - create IPUIPlugin
2026-04-04 16:39:13,529 [INFO] PluginManager:220 - loadIPPluginJar : add gic
2026-04-04 16:39:13,534 [INFO] IPUIPlugin:80 - create IPUIPlugin
2026-04-04 16:39:13,534 [INFO] PluginManager:220 - loadIPPluginJar : add gpio
2026-04-04 16:39:13,536 [INFO] IPUIPlugin:80 - create IPUIPlugin
2026-04-04 16:39:13,536 [INFO] PluginManager:220 - loadIPPluginJar : add gtzc
2026-04-04 16:39:13,538 [INFO] IPUIPlugin:80 - create IPUIPlugin
2026-04-04 16:39:13,539 [INFO] PluginManager:220 - loadIPPluginJar : add hash
2026-04-04 16:39:13,541 [INFO] IPUIPlugin:80 - create IPUIPlugin
2026-04-04 16:39:13,541 [INFO] PluginManager:220 - loadIPPluginJar : add i2c
2026-04-04 16:39:13,544 [INFO] IPUIPlugin:80 - create IPUIPlugin
2026-04-04 16:39:13,544 [INFO] PluginManager:220 - loadIPPluginJar : add i2s
2026-04-04 16:39:13,548 [INFO] IPUIPlugin:80 - create IPUIPlugin
2026-04-04 16:39:13,548 [INFO] PluginManager:220 - loadIPPluginJar : add i3c
2026-04-04 16:39:13,551 [INFO] IPUIPlugin:80 - create IPUIPlugin
2026-04-04 16:39:13,551 [INFO] PluginManager:220 - loadIPPluginJar : add ipddr
2026-04-04 16:39:13,556 [INFO] IPUIPlugin:80 - create IPUIPlugin
2026-04-04 16:39:13,556 [INFO] PluginManager:220 - loadIPPluginJar : add linkedlist
2026-04-04 16:39:13,560 [INFO] IPUIPlugin:80 - create IPUIPlugin
2026-04-04 16:39:13,560 [INFO] PluginManager:220 - loadIPPluginJar : add lorawan
2026-04-04 16:39:13,561 [INFO] IPUIPlugin:80 - create IPUIPlugin
2026-04-04 16:39:13,562 [INFO] PluginManager:220 - loadIPPluginJar : add ltdc
2026-04-04 16:39:13,566 [INFO] IPUIPlugin:80 - create IPUIPlugin
2026-04-04 16:39:13,566 [INFO] PluginManager:220 - loadIPPluginJar : add mdma
2026-04-04 16:39:13,569 [INFO] IPUIPlugin:80 - create IPUIPlugin
2026-04-04 16:39:13,569 [INFO] PluginManager:220 - loadIPPluginJar : add nvic
2026-04-04 16:39:13,572 [INFO] IPUIPlugin:80 - create IPUIPlugin
2026-04-04 16:39:13,572 [INFO] PluginManager:220 - loadIPPluginJar : add opamp
2026-04-04 16:39:13,575 [INFO] IPUIPlugin:80 - create IPUIPlugin
2026-04-04 16:39:13,575 [INFO] PluginManager:220 - loadIPPluginJar : add openamp
2026-04-04 16:39:13,578 [INFO] IPUIPlugin:80 - create IPUIPlugin
2026-04-04 16:39:13,578 [INFO] PluginManager:220 - loadIPPluginJar : add pdm2pcm
2026-04-04 16:39:13,582 [INFO] IPUIPlugin:80 - create IPUIPlugin
2026-04-04 16:39:13,585 [INFO] PluginManager:220 - loadIPPluginJar : add plateformsettings
2026-04-04 16:39:13,588 [INFO] IPUIPlugin:80 - create IPUIPlugin
2026-04-04 16:39:13,588 [INFO] PluginManager:220 - loadIPPluginJar : add quadspi
2026-04-04 16:39:13,590 [INFO] IPUIPlugin:80 - create IPUIPlugin
2026-04-04 16:39:13,592 [INFO] PluginManager:220 - loadIPPluginJar : add radio
2026-04-04 16:39:13,595 [INFO] IPUIPlugin:80 - create IPUIPlugin
2026-04-04 16:39:13,595 [INFO] PluginManager:220 - loadIPPluginJar : add resmgrutility
2026-04-04 16:39:13,598 [INFO] IPUIPlugin:80 - create IPUIPlugin
2026-04-04 16:39:13,598 [INFO] PluginManager:220 - loadIPPluginJar : add sai
2026-04-04 16:39:13,600 [INFO] IPUIPlugin:80 - create IPUIPlugin
2026-04-04 16:39:13,600 [INFO] PluginManager:220 - loadIPPluginJar : add spi
2026-04-04 16:39:13,606 [INFO] IPUIPlugin:80 - create IPUIPlugin
2026-04-04 16:39:13,607 [INFO] PluginManager:220 - loadIPPluginJar : add stm32_wpan
2026-04-04 16:39:13,608 [INFO] IPUIPlugin:80 - create IPUIPlugin
2026-04-04 16:39:13,608 [INFO] PluginManager:220 - loadIPPluginJar : add tim
2026-04-04 16:39:13,612 [INFO] IPUIPlugin:80 - create IPUIPlugin
2026-04-04 16:39:13,612 [INFO] PluginManager:220 - loadIPPluginJar : add touchsensing
2026-04-04 16:39:13,615 [INFO] IPUIPlugin:80 - create IPUIPlugin
2026-04-04 16:39:13,616 [INFO] PluginManager:220 - loadIPPluginJar : add tracer_emb
2026-04-04 16:39:13,618 [INFO] IPUIPlugin:80 - create IPUIPlugin
2026-04-04 16:39:13,618 [INFO] PluginManager:220 - loadIPPluginJar : add ts
2026-04-04 16:39:13,619 [INFO] IPUIPlugin:80 - create IPUIPlugin
2026-04-04 16:39:13,620 [INFO] PluginManager:220 - loadIPPluginJar : add tsc
2026-04-04 16:39:13,622 [INFO] IPUIPlugin:80 - create IPUIPlugin
2026-04-04 16:39:13,622 [INFO] PluginManager:220 - loadIPPluginJar : add ucpd
2026-04-04 16:39:13,624 [INFO] IPUIPlugin:80 - create IPUIPlugin
2026-04-04 16:39:13,624 [INFO] PluginManager:220 - loadIPPluginJar : add usart
2026-04-04 16:39:13,627 [INFO] IPUIPlugin:80 - create IPUIPlugin
2026-04-04 16:39:13,627 [INFO] PluginManager:220 - loadIPPluginJar : add usbx
2026-04-04 16:39:13,764 [FATAL] Updater:351 - Updater called before beeing initialized
2026-04-04 16:39:13,803 [INFO] RulesReader:64 - Compatibility file has been processed (317 Rules)
2026-04-04 16:39:13,812 [INFO] RulesReader:64 - Compatibility file has been processed (317 Rules)
2026-04-04 16:39:13,820 [INFO] CADModel:165 - CPN selected for project level
2026-04-04 16:39:13,820 [INFO] CADModel:114 - Register for checkConnection events
2026-04-04 16:39:13,820 [FATAL] Updater:351 - Updater called before beeing initialized
2026-04-04 16:39:13,820 [ERROR] CADModel:125 - Updater not yet initialized, retry later 
2026-04-04 16:39:13,963 [FATAL] Updater:351 - Updater called before beeing initialized
2026-04-04 16:39:13,965 [INFO] CADModel:165 - CPN selected for project level
2026-04-04 16:39:13,965 [INFO] CADModel:114 - Register for checkConnection events
2026-04-04 16:39:13,965 [FATAL] Updater:351 - Updater called before beeing initialized
2026-04-04 16:39:13,965 [ERROR] CADModel:125 - Updater not yet initialized, retry later 
2026-04-04 16:39:13,967 [FATAL] Updater:351 - Updater called before beeing initialized
2026-04-04 16:39:14,085 [FATAL] Updater:351 - Updater called before beeing initialized
2026-04-04 16:39:14,089 [INFO] DbMcusAds:53 - JSON generation date=Thu Mar 05 09:32:52 EST 2026 (1772721172890)
2026-04-04 16:39:14,090 [FATAL] Updater:351 - Updater called before beeing initialized
2026-04-04 16:39:14,133 [WARN] DetailPanel:346 - Failed to get advertising image, set to default
2026-04-04 16:39:14,252 [FATAL] Updater:351 - Updater called before beeing initialized
2026-04-04 16:39:14,253 [FATAL] Updater:351 - Updater called before beeing initialized
2026-04-04 16:39:14,253 [FATAL] Updater:351 - Updater called before beeing initialized
2026-04-04 16:39:14,253 [WARN] DetailPanel:346 - Failed to get advertising image, set to default
2026-04-04 16:39:14,254 [FATAL] Updater:351 - Updater called before beeing initialized
2026-04-04 16:39:14,303 [ERROR] Updater:1198 - MainUpdater not yet initialized. External WinMGr cannot be set.
2026-04-04 16:39:14,305 [INFO] Updater:1134 - Updater Version found : 6.15.0
2026-04-04 16:39:14,318 [INFO] ApplicationProperties:184 - Using Application install path: C:\ST\STM32CubeIDE_1.19.0\STM32CubeIDE\plugins\com.st.stm32cube.common.mx_6.15.0.202507011659
2026-04-04 16:39:15,892 [ERROR] LogOutputStream:75 - [STDERR_REDIRECT] Apr 04, 2026 4:39:15 PM java.util.prefs.WindowsPreferences <init>
2026-04-04 16:39:15,893 [ERROR] LogOutputStream:75 - [STDERR_REDIRECT] WARNING: Could not open/create prefs root node Software\JavaSoft\Prefs at root 0xffffffff80000002. Windows RegCreateKeyEx(...) returned error code 5.
2026-04-04 16:39:15,893 [ERROR] LogOutputStream:75 - [STDERR_REDIRECT] 
2026-04-04 16:39:15,927 [INFO] ThirdPartyUpdaterWithRetryManager:70 - Updater plugin not ready yet. [2/15]
2026-04-04 16:39:16,231 [INFO] MainUpdater:2872 - connection check result : 10
2026-04-04 16:39:16,232 [INFO] MainUpdater:289 - Updater Check For Update Now.
2026-04-04 16:39:16,232 [INFO] MicroXplorer:498 - Change Database Version : DB.6.0.150
2026-04-04 16:39:16,243 [INFO] McuFinderGlobals:63 - Set McuFinder mode to 2 (CubeIDE integrated)
2026-04-04 16:39:16,244 [INFO] UserAuth:171 - activating auth plugin
2026-04-04 16:39:16,246 [INFO] UserAuth:487 - Internet connection configuration mode: 1
2026-04-04 16:39:16,275 [INFO] JxBrowserEngine:152 - Initiate JxBrowser Engine with user profile folder
2026-04-04 16:39:16,419 [INFO] CheckServerUpdateThread:120 - End of CheckServer Thread
2026-04-04 16:39:17,371 [INFO] WebApp:169 - Instantiating new browser for Auth
2026-04-04 16:39:18,369 [INFO] WebApp:463 - Apply proxy settings
2026-04-04 16:39:18,369 [INFO] WebApp:548 - Chromium requires no authentication
2026-04-04 16:39:18,379 [INFO] WebApp:491 - Direct internet connection detected
2026-04-04 16:39:18,411 [INFO] WebApp:900 - Register for checkConnection events
2026-04-04 16:39:18,411 [INFO] WebApp:463 - Apply proxy settings
2026-04-04 16:39:18,412 [INFO] WebApp:548 - Chromium requires no authentication
2026-04-04 16:39:18,412 [INFO] WebApp:491 - Direct internet connection detected
2026-04-04 16:39:18,604 [INFO] WebApp:191 - Connection restablished
2026-04-04 16:39:18,627 [INFO] WebApp:225 - Starting web application
2026-04-04 16:39:18,627 [INFO] WebApp:593 - Web application path used C:\ST\STM32CubeIDE_1.19.0\STM32CubeIDE\plugins\com.st.stm32cube.common.mx_6.15.0.202507011659\db\plugins\mcufinder\reactClient1\index.html
2026-04-04 16:39:19,425 [WARN] PackLoader:240 - Cannot read IP mode file for STMicroelectronics.X-CUBE-AZRTOS-H7.3.5.0
2026-04-04 16:39:19,439 [WARN] PackLoader:240 - Cannot read IP mode file for STMicroelectronics.FP-ATR-ASTRA1.2.0.2
2026-04-04 16:39:19,460 [WARN] PackLoader:240 - Cannot read IP mode file for STMicroelectronics.X-CUBE-SMBUS.2.1.0
2026-04-04 16:39:19,479 [WARN] PackLoader:240 - Cannot read IP mode file for STMicroelectronics.X-CUBE-AZRTOS-F7.1.1.0
2026-04-04 16:39:19,487 [WARN] PackLoader:240 - Cannot read IP mode file for STMicroelectronics.FP-SNS-MOTENV1.5.1.0
2026-04-04 16:39:19,499 [WARN] PackLoader:240 - Cannot read IP mode file for WES.I-CUBE-Cesium.1.4.0
2026-04-04 16:39:19,507 [WARN] PackLoader:240 - Cannot read IP mode file for STMicroelectronics.X-CUBE-DISPLAY.3.0.0
2026-04-04 16:39:19,515 [WARN] PackLoader:240 - Cannot read IP mode file for STMicroelectronics.FP-SNS-MOTENVWB1.1.5.0
2026-04-04 16:39:19,525 [WARN] PackLoader:240 - Cannot read IP mode file for STMicroelectronics.X-CUBE-NFC10.1.0.0
2026-04-04 16:39:19,532 [WARN] PackLoader:240 - Cannot read IP mode file for STMicroelectronics.X-CUBE-ST60.1.1.0
2026-04-04 16:39:19,541 [WARN] PackLoader:240 - Cannot read IP mode file for emotas.I-CUBE-CANOPEN.1.3.0
2026-04-04 16:39:19,550 [WARN] PackLoader:240 - Cannot read IP mode file for STMicroelectronics.X-CUBE-GNSS1.7.1.0
2026-04-04 16:39:19,559 [WARN] PackLoader:240 - Cannot read IP mode file for STMicroelectronics.FP-SNS-STBOX1.2.1.0
2026-04-04 16:39:19,565 [WARN] PackLoader:240 - Cannot read IP mode file for STMicroelectronics.FP-SNS-SMARTAG2.1.2.0
2026-04-04 16:39:19,569 [WARN] PackLoader:240 - Cannot read IP mode file for STMicroelectronics.FP-SNS-FLIGHT1.5.1.0
2026-04-04 16:39:19,578 [INFO] LogOutputStream:77 - [STDOUT_REDIRECT] 1 : Invalid condition id : UX_CORESTACK_Condition cause : null
2026-04-04 16:39:19,579 [INFO] LogOutputStream:77 - [STDOUT_REDIRECT] 1 : Invalid condition id : UX_CORESTACK_Condition cause : null
2026-04-04 16:39:19,580 [INFO] LogOutputStream:77 - [STDOUT_REDIRECT] 1 : Invalid condition id : UX_CORESTACK_Condition cause : null
2026-04-04 16:39:19,581 [INFO] LogOutputStream:77 - [STDOUT_REDIRECT] 1 : Invalid condition id : UX_CORESTACK_Condition cause : null
2026-04-04 16:39:19,582 [INFO] LogOutputStream:77 - [STDOUT_REDIRECT] 1 : Invalid condition id : UX_CORESTACK_Condition cause : null
2026-04-04 16:39:19,584 [WARN] PackLoader:240 - Cannot read IP mode file for STMicroelectronics.X-CUBE-AZRTOS-WL.2.0.0
2026-04-04 16:39:19,606 [WARN] PackLoader:240 - Cannot read IP mode file for STMicroelectronics.X-CUBE-AZRTOS-H7RS.1.2.0
2026-04-04 16:39:19,613 [WARN] PackLoader:240 - Cannot read IP mode file for STMicroelectronics.X-CUBE-BLE2.3.3.0
2026-04-04 16:39:19,646 [WARN] PackLoader:240 - Cannot read IP mode file for Infineon.AIROC-Wi-Fi-Bluetooth-STM32.1.8.0
2026-04-04 16:39:19,656 [WARN] PackLoader:240 - Cannot read IP mode file for STMicroelectronics.X-CUBE-NFC9.1.0.0
2026-04-04 16:39:19,661 [WARN] PackLoader:240 - Cannot read IP mode file for STMicroelectronics.X-CUBE-BLE1.7.1.0
2026-04-04 16:39:19,666 [WARN] PackLoader:240 - Cannot read IP mode file for wolfSSL.I-CUBE-wolfMQTT.1.19.2
2026-04-04 16:39:19,672 [WARN] PackLoader:240 - Cannot read IP mode file for STMicroelectronics.X-CUBE-EEPRMA1.5.2.0
2026-04-04 16:39:19,677 [WARN] PackLoader:240 - Cannot read IP mode file for wolfSSL.I-CUBE-wolfSSL.5.8.4
2026-04-04 16:39:19,681 [WARN] PackLoader:240 - Cannot read IP mode file for Cesanta.I-CUBE-Mongoose.7.20.0
2026-04-04 16:39:19,713 [WARN] PackLoader:240 - Cannot read IP mode file for STMicroelectronics.X-CUBE-MEMS1.12.0.0
2026-04-04 16:39:19,787 [WARN] PackLoader:240 - Cannot read IP mode file for STMicroelectronics.X-CUBE-AZRTOS-G0.1.1.0
2026-04-04 16:39:19,798 [WARN] PackLoader:240 - Cannot read IP mode file for STMicroelectronics.X-CUBE-NFC4.3.0.0
2026-04-04 16:39:19,810 [WARN] PackLoader:240 - Cannot read IP mode file for EmbeddedOffice.I-CUBE-FS-RTOS.1.0.1
2026-04-04 16:39:19,817 [WARN] PackLoader:240 - Cannot read IP mode file for STMicroelectronics.X-CUBE-WB05N.2.0.0
2026-04-04 16:39:19,823 [WARN] PackLoader:240 - Cannot read IP mode file for wolfSSL.I-CUBE-wolfTPM.3.8.0
2026-04-04 16:39:19,829 [WARN] PackLoader:240 - Cannot read IP mode file for STMicroelectronics.X-CUBE-TCPP.4.2.0
2026-04-04 16:39:19,855 [WARN] PackLoader:240 - Cannot read IP mode file for RealThread.X-CUBE-RT-Thread_Nano.4.1.1
2026-04-04 16:39:19,861 [WARN] PackLoader:240 - Cannot read IP mode file for STMicroelectronics.FP-ATR-SIGFOX1.3.2.0
2026-04-04 16:39:19,866 [WARN] PackLoader:240 - Cannot read IP mode file for STMicroelectronics.X-CUBE-FREERTOS.1.5.0
2026-04-04 16:39:19,873 [WARN] PackLoader:240 - Cannot read IP mode file for ITTIA_DB.I-CUBE-ITTIADB.8.9.0
2026-04-04 16:39:19,879 [WARN] PackLoader:240 - Cannot read IP mode file for STMicroelectronics.X-CUBE-NFC6.3.2.0
2026-04-04 16:39:19,886 [WARN] PackLoader:240 - Cannot read IP mode file for STMicroelectronics.X-CUBE-AI.10.2.0
2026-04-04 16:39:19,907 [WARN] PackLoader:240 - Cannot read IP mode file for SEGGER.I-CUBE-embOS.1.3.1
2026-04-04 16:39:19,932 [WARN] PackLoader:240 - Cannot read IP mode file for STMicroelectronics.X-CUBE-ALGOBUILD.1.4.0
2026-04-04 16:39:19,936 [WARN] PackLoader:240 - Cannot read IP mode file for STMicroelectronics.X-CUBE-PM33A1.1.0.0
2026-04-04 16:39:19,948 [WARN] PackLoader:240 - Cannot read IP mode file for STMicroelectronics.X-CUBE-AZRTOS-F4.1.1.0
2026-04-04 16:39:19,953 [WARN] PackLoader:240 - Cannot read IP mode file for STMicroelectronics.X-CUBE-ISPU.2.1.0
2026-04-04 16:39:19,964 [WARN] PackLoader:240 - Cannot read IP mode file for STMicroelectronics.X-CUBE-IPS.3.2.0
2026-04-04 16:39:19,971 [WARN] PackLoader:240 - Cannot read IP mode file for STMicroelectronics.eDS-WB_DPC_TT-BIDIR.2.1.1
2026-04-04 16:39:19,977 [WARN] PackLoader:240 - Cannot read IP mode file for STMicroelectronics.X-CUBE-NFC12.1.0.0
2026-04-04 16:39:19,988 [WARN] PackLoader:240 - Cannot read IP mode file for STMicroelectronics.X-CUBE-AZRTOS-L5.2.0.0
2026-04-04 16:39:19,994 [WARN] PackLoader:240 - Cannot read IP mode file for STMicroelectronics.eDS-WB_DPC_VIENNA.1.2.0
2026-04-04 16:39:19,997 [WARN] PackLoader:240 - Cannot read IP mode file for STMicroelectronics.eDS-WB_DPC_3PH2L-BIDIR.1.1.1
2026-04-04 16:39:20,001 [WARN] PackLoader:240 - Cannot read IP mode file for STMicroelectronics.X-CUBE-TOUCHGFX.4.26.1
2026-04-04 16:39:20,006 [WARN] PackLoader:240 - Cannot read IP mode file for STMicroelectronics.FP-SNS-STAIOTCFT.1.0.0
2026-04-04 16:39:20,011 [WARN] PackLoader:240 - Cannot read IP mode file for STMicroelectronics.X-CUBE-DPower.1.3.0
2026-04-04 16:39:20,023 [WARN] ConditionMgr:438 - getConditionDescription Invalid condition id : LAN8742 Phy interface Condition cause : null
2026-04-04 16:39:20,024 [WARN] PackLoader:240 - Cannot read IP mode file for STMicroelectronics.X-CUBE-AZRTOS-L4.2.0.0
2026-04-04 16:39:20,024 [WARN] ConditionMgr:1044 - genDependencies : Invalid condition id : LAN8742 Phy interface Condition cause : null
2026-04-04 16:39:20,025 [WARN] ConditionMgr:1044 - genDependencies : Invalid condition id : LAN8742 Phy interface Condition cause : null
2026-04-04 16:39:20,025 [WARN] ConditionMgr:1044 - genDependencies : Invalid condition id : LAN8742 Phy interface Condition cause : null
2026-04-04 16:39:20,035 [WARN] PackLoader:240 - Cannot read IP mode file for STMicroelectronics.X-CUBE-SFXS2LP1.4.0.0
2026-04-04 16:39:20,041 [WARN] PackLoader:240 - Cannot read IP mode file for STMicroelectronics.X-CUBE-ST67W61.1.2.0
2026-04-04 16:39:20,049 [WARN] PackLoader:240 - Cannot read IP mode file for STMicroelectronics.X-CUBE-BLEMGR.4.1.0
2026-04-04 16:39:20,059 [WARN] ConditionMgr:438 - getConditionDescription Invalid condition id : UX DEVICE CLASS RTOS Condition cause : null
2026-04-04 16:39:20,060 [WARN] ConditionMgr:438 - getConditionDescription Invalid condition id : UX DEVICE CLASS RTOS Condition cause : null
2026-04-04 16:39:20,061 [WARN] PackLoader:240 - Cannot read IP mode file for STMicroelectronics.X-CUBE-AZRTOS-WB.2.0.0
2026-04-04 16:39:20,061 [WARN] ConditionMgr:1044 - genDependencies : Invalid condition id : UX DEVICE CLASS RTOS Condition cause : null
2026-04-04 16:39:20,061 [WARN] ConditionMgr:1044 - genDependencies : Invalid condition id : UX DEVICE CLASS RTOS Condition cause : null
2026-04-04 16:39:20,061 [WARN] ConditionMgr:1044 - genDependencies : Invalid condition id : UX DEVICE CLASS RTOS Condition cause : null
2026-04-04 16:39:20,062 [WARN] ConditionMgr:1044 - genDependencies : Invalid condition id : UX DEVICE CLASS RTOS Condition cause : null
2026-04-04 16:39:20,062 [WARN] ConditionMgr:1044 - genDependencies : Invalid condition id : UX DEVICE CLASS RTOS Condition cause : null
2026-04-04 16:39:20,066 [WARN] ConditionMgr:438 - getConditionDescription Invalid condition id : Cortex-A Device cause : null
2026-04-04 16:39:20,075 [WARN] ConditionMgr:1044 - genDependencies : Invalid condition id : Cortex-A Device cause : null
2026-04-04 16:39:20,075 [WARN] ConditionMgr:1044 - genDependencies : Invalid condition id : Cortex-A Device cause : null
2026-04-04 16:39:20,075 [WARN] ConditionMgr:1044 - genDependencies : Invalid condition id : Cortex-A Device cause : null
2026-04-04 16:39:20,080 [WARN] PackLoader:240 - Cannot read IP mode file for STMicroelectronics.X-CUBE-STSE01.2.0.0
2026-04-04 16:39:20,088 [WARN] PackLoader:240 - Cannot read IP mode file for STMicroelectronics.X-CUBE-SUBG2.5.0.0
2026-04-04 16:39:20,100 [WARN] PackLoader:240 - Cannot read IP mode file for STMicroelectronics.X-CUBE-AZRTOS-G4.2.0.0
2026-04-04 16:39:20,105 [WARN] PackLoader:240 - Cannot read IP mode file for wolfSSL.I-CUBE-wolfSSH.1.4.20
2026-04-04 16:39:20,110 [WARN] PackLoader:240 - Cannot read IP mode file for STMicroelectronics.X-CUBE-NFC7.2.0.0
2026-04-04 16:39:20,114 [WARN] PackLoader:240 - Cannot read IP mode file for STMicroelectronics.X-CUBE-ALS.1.0.2
2026-04-04 16:39:20,122 [WARN] PackLoader:240 - Cannot read IP mode file for STMicroelectronics.X-CUBE-TOF1.3.4.3
2026-04-04 16:39:20,129 [INFO] ThirdParty:978 - Integrity check success = true
2026-04-04 16:39:20,129 [INFO] IntegrityCheckThread:100 - exiting critical section [integrity check]
2026-04-04 16:39:20,129 [INFO] IntegrityCheckThread:103 - End integrity checks thread
2026-04-04 16:41:17,360 [ERROR] LogOutputStream:75 - [STDERR_REDIRECT] 
