02:11:50 **** Incremental Build of configuration Debug for project MCU_A_v2_0 ****
make -j16 all 
arm-none-eabi-gcc "../Core/Src/main.c" -mcpu=cortex-m4 -std=gnu11 -g3 -DDEBUG -DUSE_HAL_DRIVER -DSTM32F446xx '-DMBEDTLS_CONFIG_FILE=<mbedtls_config.h>' -c -I../Core/Inc -I../Drivers/STM32F4xx_HAL_Driver/Inc -I../Drivers/STM32F4xx_HAL_Driver/Inc/Legacy -I../Drivers/CMSIS/Device/ST/STM32F4xx/Include -I../Drivers/CMSIS/Include -I../MBEDTLS/App -I../Middlewares/Third_Party/FreeRTOS/Source/include -I../Middlewares/Third_Party/FreeRTOS/Source/CMSIS_RTOS_V2 -I../Middlewares/Third_Party/FreeRTOS/Source/portable/GCC/ARM_CM4F -I../Middlewares/Third_Party/mbedTLS/include/mbedtls -I../Middlewares/Third_Party/mbedTLS/include -O0 -ffunction-sections -fdata-sections -Wall -fstack-usage -fcyclomatic-complexity -MMD -MP -MF"Core/Src/main.d" -MT"Core/Src/main.o" --specs=nano.specs -mfpu=fpv4-sp-d16 -mfloat-abi=hard -mthumb -o "Core/Src/main.o"
arm-none-eabi-gcc "../Core/Src/receiver.c" -mcpu=cortex-m4 -std=gnu11 -g3 -DDEBUG -DUSE_HAL_DRIVER -DSTM32F446xx '-DMBEDTLS_CONFIG_FILE=<mbedtls_config.h>' -c -I../Core/Inc -I../Drivers/STM32F4xx_HAL_Driver/Inc -I../Drivers/STM32F4xx_HAL_Driver/Inc/Legacy -I../Drivers/CMSIS/Device/ST/STM32F4xx/Include -I../Drivers/CMSIS/Include -I../MBEDTLS/App -I../Middlewares/Third_Party/FreeRTOS/Source/include -I../Middlewares/Third_Party/FreeRTOS/Source/CMSIS_RTOS_V2 -I../Middlewares/Third_Party/FreeRTOS/Source/portable/GCC/ARM_CM4F -I../Middlewares/Third_Party/mbedTLS/include/mbedtls -I../Middlewares/Third_Party/mbedTLS/include -O0 -ffunction-sections -fdata-sections -Wall -fstack-usage -fcyclomatic-complexity -MMD -MP -MF"Core/Src/receiver.d" -MT"Core/Src/receiver.o" --specs=nano.specs -mfpu=fpv4-sp-d16 -mfloat-abi=hard -mthumb -o "Core/Src/receiver.o"
arm-none-eabi-gcc "../Core/Src/statemachine.c" -mcpu=cortex-m4 -std=gnu11 -g3 -DDEBUG -DUSE_HAL_DRIVER -DSTM32F446xx '-DMBEDTLS_CONFIG_FILE=<mbedtls_config.h>' -c -I../Core/Inc -I../Drivers/STM32F4xx_HAL_Driver/Inc -I../Drivers/STM32F4xx_HAL_Driver/Inc/Legacy -I../Drivers/CMSIS/Device/ST/STM32F4xx/Include -I../Drivers/CMSIS/Include -I../MBEDTLS/App -I../Middlewares/Third_Party/FreeRTOS/Source/include -I../Middlewares/Third_Party/FreeRTOS/Source/CMSIS_RTOS_V2 -I../Middlewares/Third_Party/FreeRTOS/Source/portable/GCC/ARM_CM4F -I../Middlewares/Third_Party/mbedTLS/include/mbedtls -I../Middlewares/Third_Party/mbedTLS/include -O0 -ffunction-sections -fdata-sections -Wall -fstack-usage -fcyclomatic-complexity -MMD -MP -MF"Core/Src/statemachine.d" -MT"Core/Src/statemachine.o" --specs=nano.specs -mfpu=fpv4-sp-d16 -mfloat-abi=hard -mthumb -o "Core/Src/statemachine.o"
../Core/Src/receiver.c: In function 'Receiver_Process':
../Core/Src/receiver.c:44:25: warning: pointer targets in initialization of 'char *' from 'uint8_t *' {aka 'unsigned char *'} differ in signedness [-Wpointer-sign]
   44 |             char*name = rx_buffer + 6;
      |                         ^~~~~~~~~
../Core/Src/receiver.c:49:26: warning: pointer targets in initialization of 'char *' from 'uint8_t *' {aka 'unsigned char *'} differ in signedness [-Wpointer-sign]
   49 |             char*level = rx_buffer + 6;
      |                          ^~~~~~~~~
arm-none-eabi-gcc -o "MCU_A_v2_0.elf" @"objects.list"   -mcpu=cortex-m4 -T"C:\Projects\eecs_vending_machine\MCU_A_v2_0\STM32F446RETX_FLASH.ld" --specs=nosys.specs -Wl,-Map="MCU_A_v2_0.map" -Wl,--gc-sections -static --specs=nano.specs -mfpu=fpv4-sp-d16 -mfloat-abi=hard -mthumb -Wl,--start-group -lc -lm -Wl,--end-group
Finished building target: MCU_A_v2_0.elf
 
arm-none-eabi-size  MCU_A_v2_0.elf 
arm-none-eabi-objdump -h -S MCU_A_v2_0.elf  > "MCU_A_v2_0.list"
   text	   data	    bss	    dec	    hex	filename
 146996	    112	  22056	 169164	  294cc	MCU_A_v2_0.elf
Finished building: default.size.stdout
 
Finished building: MCU_A_v2_0.list
 

02:11:51 Build Finished. 0 errors, 2 warnings. (took 1s.326ms)

